sort is: undefined
sort is: undefined
sort is: undefined
sort is: undefined
sort is: undefined
